[33mÔØ»[39m Building...
[32mÔ£ö[39m Building...
Application bundle generation failed. [39.763 seconds] - 2026-05-02T16:32:21.555Z

.\node20\node.exe : [1m[31m[31mX [41;31m[[41;97mERROR[41;31m][0m 
[1mTS2551: Property 'API_URL' does not exist on type '{ production: boolean; 
apiUrl: string; }'. Did you mean 'apiUrl'?[0m [1m[35m[plugin 
angular-compiler][0m
En línea: 1 Carácter: 56
+ ... \frontend"; .\node20\node.exe .\node_modules\@angular\cli\bin\ng buil ...
+                 ~~~~~~~~~~~~~~~~~~~~~~~~~~~~~~~~~~~~~~~~~~~~~~~~~~~~~~~~~
    + CategoryInfo          : NotSpecified: ([1m[31m[31mX...r-compiler][0m 
   :String) [], RemoteException
    + FullyQualifiedErrorId : NativeCommandError
 

    src/app/core/services/auth.service.ts:16:33:
[37m      16 Ôöé     private apiUrl = environment.[32mAPI_URL[37m;
         ÔòÁ                                  [32m~~~~~~~[0m

  'apiUrl' is declared here.

    src/environments/environment.ts:3:2:
[37m      3 Ôöé   [32mapiUrl: 'http://localhost:21674'[37m
        ÔòÁ   [32m~~~~~~~~~~~~~~~~~~~~~~~~~~~~~~~~[0m


[31mX [41;31m[[41;97mERROR[41;31m][0m [1mTS2551: Property 'API_URL' does 
not exist on type '{ production: boolean; apiUrl: string; }'. Did you mean 
'apiUrl'?[0m [1m[35m[plugin angular-compiler][0m

    src/app/core/services/recurso.service.ts:15:34:
[37m      15 Ôöé   private apiUrl = 
`${environment.[32mAPI_URL[37m}/recursos/`;
         ÔòÁ                                   [32m~~~~~~~[0m

  'apiUrl' is declared here.

    src/environments/environment.ts:3:2:
[37m      3 Ôöé   [32mapiUrl: 'http://localhost:21674'[37m
        ÔòÁ   [32m~~~~~~~~~~~~~~~~~~~~~~~~~~~~~~~~[0m


[31mX [41;31m[[41;97mERROR[41;31m][0m [1mTS2551: Property 'API_URL' does 
not exist on type '{ production: boolean; apiUrl: string; }'. Did you mean 
'apiUrl'?[0m [1m[35m[plugin angular-compiler][0m

    src/app/core/services/rol-recurso.service.ts:15:34:
[37m      15 Ôöé   private apiUrl = 
`${environment.[32mAPI_URL[37m}/roles-recursos/`;
         ÔòÁ                                   [32m~~~~~~~[0m

  'apiUrl' is declared here.

    src/environments/environment.ts:3:2:
[37m      3 Ôöé   [32mapiUrl: 'http://localhost:21674'[37m
        ÔòÁ   [32m~~~~~~~~~~~~~~~~~~~~~~~~~~~~~~~~[0m


[31mX [41;31m[[41;97mERROR[41;31m][0m [1mTS2551: Property 'API_URL' does 
not exist on type '{ production: boolean; apiUrl: string; }'. Did you mean 
'apiUrl'?[0m [1m[35m[plugin angular-compiler][0m

    src/app/core/services/rol.service.ts:17:36:
[37m      17 Ôöé     private apiUrl = 
`${environment.[32mAPI_URL[37m}/roles/`;
         ÔòÁ                                     [32m~~~~~~~[0m

  'apiUrl' is declared here.

    src/environments/environment.ts:3:2:
[37m      3 Ôöé   [32mapiUrl: 'http://localhost:21674'[37m
        ÔòÁ   [32m~~~~~~~~~~~~~~~~~~~~~~~~~~~~~~~~[0m


[31mX [41;31m[[41;97mERROR[41;31m][0m [1mTS2551: Property 'API_URL' does 
not exist on type '{ production: boolean; apiUrl: string; }'. Did you mean 
'apiUrl'?[0m [1m[35m[plugin angular-compiler][0m

    src/app/core/services/usuario-rol.service.ts:15:34:
[37m      15 Ôöé   private apiUrl = 
`${environment.[32mAPI_URL[37m}/usuarios-roles/`;
         ÔòÁ                                   [32m~~~~~~~[0m

  'apiUrl' is declared here.

    src/environments/environment.ts:3:2:
[37m      3 Ôöé   [32mapiUrl: 'http://localhost:21674'[37m
        ÔòÁ   [32m~~~~~~~~~~~~~~~~~~~~~~~~~~~~~~~~[0m


[31mX [41;31m[[41;97mERROR[41;31m][0m [1mTS2339: Property 'authHeaders' 
does not exist on type 'UsuarioService'.[0m [1m[35m[plugin 
angular-compiler][0m

    src/app/core/services/usuario.service.ts:64:22:
[37m      64 Ôöé       { headers: this.[32mauthHeaders[37m.getAuthHeaders() 
}
         ÔòÁ                       [32m~~~~~~~~~~~[0m


[31mX [41;31m[[41;97mERROR[41;31m][0m [1mTS2552: Cannot find name 
'catchError'. Did you mean 'RTCError'?[0m [1m[35m[plugin 
angular-compiler][0m

    src/app/core/services/usuario.service.ts:66:6:
[37m      66 Ôöé       [32mcatchError[37m(this.handleError)
         ÔòÁ       [32m~~~~~~~~~~[0m

  'RTCError' is declared here.

    node_modules/typescript/lib/lib.dom.d.ts:24776:12:
[37m      24776 Ôöé declare var [32mRTCError[37m: {
            ÔòÁ             [32m~~~~~~~~[0m


[31mX [41;31m[[41;97mERROR[41;31m][0m [1mTS2304: Cannot find name 
'HttpErrorResponse'.[0m [1m[35m[plugin angular-compiler][0m

    src/app/core/services/usuario.service.ts:70:29:
[37m      70 Ôöé   private handleError(error: [32mHttpErrorResponse[37m) {
         ÔòÁ                              [32m~~~~~~~~~~~~~~~~~[0m


[31mX [41;31m[[41;97mERROR[41;31m][0m [1mTS2304: Cannot find name 
'throwError'.[0m [1m[35m[plugin angular-compiler][0m

    src/app/core/services/usuario.service.ts:72:11:
[37m      72 Ôöé     return [32mthrowError[37m(() => error);
         ÔòÁ            [32m~~~~~~~~~~[0m


[31mX [41;31m[[41;97mERROR[41;31m][0m [1mTS2339: Property 'listar' does 
not exist on type 'DeviceService'.[0m [1m[35m[plugin angular-compiler][0m

    src/app/features/dispositivos/dispositivos.ts:69:23:
[37m      69 Ôöé     this.deviceService.[32mlistar[37m()
         ÔòÁ                        [32m~~~~~~[0m


[31mX [41;31m[[41;97mERROR[41;31m][0m [1mTS7006: Parameter 'data' 
implicitly has an 'any' type.[0m [1m[35m[plugin angular-compiler][0m

    src/app/features/dispositivos/dispositivos.ts:78:15:
[37m      78 Ôöé         next: ([32mdata[37m) => {
         ÔòÁ                [32m~~~~[0m


[31mX [41;31m[[41;97mERROR[41;31m][0m [1mTS7006: Parameter 'error' 
implicitly has an 'any' type.[0m [1m[35m[plugin angular-compiler][0m

    src/app/features/dispositivos/dispositivos.ts:82:16:
[37m      82 Ôöé         error: ([32merror[37m) => {
         ÔòÁ                 [32m~~~~~[0m


[31mX [41;31m[[41;97mERROR[41;31m][0m [1mTS2339: Property 'crear' does 
not exist on type 'DeviceService'.[0m [1m[35m[plugin angular-compiler][0m

    src/app/features/dispositivos/dispositivos.ts:216:23:
[37m      216 Ôöé     this.deviceService.[32mcrear[37m(this.dispositivoForm)
          ÔòÁ                        [32m~~~~~[0m


[31mX [41;31m[[41;97mERROR[41;31m][0m [1mTS7006: Parameter 
'nuevoDispositivo' implicitly has an 'any' type.[0m [1m[35m[plugin 
angular-compiler][0m

    src/app/features/dispositivos/dispositivos.ts:224:15:
[37m      224 Ôöé         next: ([32mnuevoDispositivo[37m) => {
          ÔòÁ                [32m~~~~~~~~~~~~~~~~[0m


[31mX [41;31m[[41;97mERROR[41;31m][0m [1mTS7006: Parameter 'error' 
implicitly has an 'any' type.[0m [1m[35m[plugin angular-compiler][0m

    src/app/features/dispositivos/dispositivos.ts:231:16:
[37m      231 Ôöé         error: ([32merror[37m) => {
          ÔòÁ                 [32m~~~~~[0m


[31mX [41;31m[[41;97mERROR[41;31m][0m [1mTS2339: Property 'actualizar' 
does not exist on type 'DeviceService'.[0m [1m[35m[plugin 
angular-compiler][0m

    src/app/features/dispositivos/dispositivos.ts:244:23:
[37m      244 Ôöé     this.deviceService.[32mactualizar[37m(id, 
this.dispositivoForm)
          ÔòÁ                        [32m~~~~~~~~~~[0m


[31mX [41;31m[[41;97mERROR[41;31m][0m [1mTS7006: Parameter 
'dispositivoActualizado' implicitly has an 'any' type.[0m [1m[35m[plugin 
angular-compiler][0m

    src/app/features/dispositivos/dispositivos.ts:252:15:
[37m      252 Ôöé         next: ([32mdispositivoActualizado[37m) => {
          ÔòÁ                [32m~~~~~~~~~~~~~~~~~~~~~~[0m


[31mX [41;31m[[41;97mERROR[41;31m][0m [1mTS7006: Parameter 'error' 
implicitly has an 'any' type.[0m [1m[35m[plugin angular-compiler][0m

    src/app/features/dispositivos/dispositivos.ts:263:16:
[37m      263 Ôöé         error: ([32merror[37m) => {
          ÔòÁ                 [32m~~~~~[0m


[31mX [41;31m[[41;97mERROR[41;31m][0m [1mTS2339: Property 'eliminar' 
does not exist on type 'DeviceService'.[0m [1m[35m[plugin 
angular-compiler][0m

    src/app/features/dispositivos/dispositivos.ts:281:23:
[37m      281 Ôöé     this.deviceService.[32meliminar[37m(dispositivo.id)
          ÔòÁ                        [32m~~~~~~~~[0m


[31mX [41;31m[[41;97mERROR[41;31m][0m [1mTS7006: Parameter 'error' 
implicitly has an 'any' type.[0m [1m[35m[plugin angular-compiler][0m

    src/app/features/dispositivos/dispositivos.ts:294:16:
[37m      294 Ôöé         error: ([32merror[37m) => {
          ÔòÁ                 [32m~~~~~[0m


[31mX [41;31m[[41;97mERROR[41;31m][0m [1mTS2339: Property 'listar' does 
not exist on type 'UsuarioService'.[0m [1m[35m[plugin angular-compiler][0m

    src/app/features/roles/roles.ts:106:36:
[37m      106 Ôöé       usuarios: this.usuarioService.[32mlistar[37m(),
          ÔòÁ                                     [32m~~~~~~[0m


[31mX [41;31m[[41;97mERROR[41;31m][0m [1mTS2339: Property 'listar' does 
not exist on type 'UsuarioService'.[0m [1m[35m[plugin angular-compiler][0m

    src/app/features/usuarios/usuarios.ts:33:24:
[37m      33 Ôöé     this.usuarioService.[32mlistar[37m().subscribe({
         ÔòÁ                         [32m~~~~~~[0m


[31mX [41;31m[[41;97mERROR[41;31m][0m [1mTS7006: Parameter 'data' 
implicitly has an 'any' type.[0m [1m[35m[plugin angular-compiler][0m

    src/app/features/usuarios/usuarios.ts:34:13:
[37m      34 Ôöé       next: ([32mdata[37m) => {
         ÔòÁ              [32m~~~~[0m

[39m[22m
